// Jest Snapshot v1, https://goo.gl/fbAQLP

exports[`LangBtn.vue renders available languages 1`] = `
<div class="v-menu v-menu--inline">
  <div class="v-menu__activator"><button type="button" class="v-btn v-btn--outline v-btn--depressed theme--light currentColor--text" aria-label="Choix de la langue. Actuellement : Français">
      <div class="v-btn__content">
        <!----> <span class="ml-2">
			Français
		</span> <span aria-hidden="true" class="x-svg-icon ml-2 custom-color" style="width: 10px; height: 10px;"><svg viewBox="0 0 24 24"><path d="M24 7.4l-2.8-2.8-9.2 9.2-9.2-9.2L0 7.4l12 12z"></path></svg> </span></div>
    </button></div>
  <div class="v-menu__content theme--light " style="max-height: auto; min-width: 0px; max-width: auto; top: 12px; left: 0px; z-index: 0; display: none;">
    <div role="list" class="v-list theme--light">
      <div role="listitem" class="currentColor--text">
        <div class="v-list__tile v-list__tile--avatar theme--light"><button type="button" class="ma-0 text-none trigger-btn v-btn v-btn--flat theme--light currentColor--text">
            <div class="v-btn__content">
              <!---->
              <div class="v-list__tile__title">Français</div>
            </div>
          </button></div>
      </div>
      <div role="listitem" class="currentColor--text">
        <div class="v-list__tile v-list__tile--avatar theme--light"><button type="button" class="ma-0 text-none trigger-btn v-btn v-btn--flat theme--light currentColor--text">
            <div class="v-btn__content">
              <!---->
              <div class="v-list__tile__title">English</div>
            </div>
          </button></div>
      </div>
    </div>
  </div>
</div>
`;

exports[`LangBtn.vue renders correctly 1`] = `
<div class="v-menu v-menu--inline">
  <div class="v-menu__activator"><button type="button" class="v-btn v-btn--outline v-btn--depressed theme--light currentColor--text" aria-label="Choix de la langue. Actuellement : Français">
      <div class="v-btn__content">
        <!----> <span class="ml-2">
			Français
		</span> <span aria-hidden="true" class="x-svg-icon ml-2 custom-color" style="width: 10px; height: 10px;"><svg viewBox="0 0 24 24"><path d="M24 7.4l-2.8-2.8-9.2 9.2-9.2-9.2L0 7.4l12 12z"></path></svg> </span></div>
    </button></div>
  <div class="v-menu__content theme--light " style="max-height: auto; min-width: 0px; max-width: auto; top: 12px; left: 0px; z-index: 0; display: none;">
    <div role="list" class="v-list theme--light">
      <div role="listitem" class="currentColor--text">
        <div class="v-list__tile v-list__tile--avatar theme--light"><button type="button" class="ma-0 text-none trigger-btn v-btn v-btn--flat theme--light currentColor--text">
            <div class="v-btn__content">
              <!---->
              <div class="v-list__tile__title">Afar</div>
            </div>
          </button></div>
      </div>
      <div role="listitem" class="currentColor--text">
        <div class="v-list__tile v-list__tile--avatar theme--light"><button type="button" class="ma-0 text-none trigger-btn v-btn v-btn--flat theme--light currentColor--text">
            <div class="v-btn__content">
              <!---->
              <div class="v-list__tile__title">Аҧсуа</div>
            </div>
          </button></div>
      </div>
      <div role="listitem" class="currentColor--text">
        <div class="v-list__tile v-list__tile--avatar theme--light"><button type="button" class="ma-0 text-none trigger-btn v-btn v-btn--flat theme--light currentColor--text">
            <div class="v-btn__content">
              <!---->
              <div class="v-list__tile__title">Afrikaans</div>
            </div>
          </button></div>
      </div>
      <div role="listitem" class="currentColor--text">
        <div class="v-list__tile v-list__tile--avatar theme--light"><button type="button" class="ma-0 text-none trigger-btn v-btn v-btn--flat theme--light currentColor--text">
            <div class="v-btn__content">
              <!---->
              <div class="v-list__tile__title">Akana</div>
            </div>
          </button></div>
      </div>
      <div role="listitem" class="currentColor--text">
        <div class="v-list__tile v-list__tile--avatar theme--light"><button type="button" class="ma-0 text-none trigger-btn v-btn v-btn--flat theme--light currentColor--text">
            <div class="v-btn__content">
              <!---->
              <div class="v-list__tile__title">አማርኛ</div>
            </div>
          </button></div>
      </div>
      <div role="listitem" class="currentColor--text">
        <div class="v-list__tile v-list__tile--avatar theme--light"><button type="button" class="ma-0 text-none trigger-btn v-btn v-btn--flat theme--light currentColor--text">
            <div class="v-btn__content">
              <!---->
              <div class="v-list__tile__title">Aragonés</div>
            </div>
          </button></div>
      </div>
      <div role="listitem" class="currentColor--text">
        <div class="v-list__tile v-list__tile--avatar theme--light"><button type="button" class="ma-0 text-none trigger-btn v-btn v-btn--flat theme--light currentColor--text">
            <div class="v-btn__content">
              <!---->
              <div class="v-list__tile__title">العربية</div>
            </div>
          </button></div>
      </div>
      <div role="listitem" class="currentColor--text">
        <div class="v-list__tile v-list__tile--avatar theme--light"><button type="button" class="ma-0 text-none trigger-btn v-btn v-btn--flat theme--light currentColor--text">
            <div class="v-btn__content">
              <!---->
              <div class="v-list__tile__title">অসমীয়া</div>
            </div>
          </button></div>
      </div>
      <div role="listitem" class="currentColor--text">
        <div class="v-list__tile v-list__tile--avatar theme--light"><button type="button" class="ma-0 text-none trigger-btn v-btn v-btn--flat theme--light currentColor--text">
            <div class="v-btn__content">
              <!---->
              <div class="v-list__tile__title">Авар</div>
            </div>
          </button></div>
      </div>
      <div role="listitem" class="currentColor--text">
        <div class="v-list__tile v-list__tile--avatar theme--light"><button type="button" class="ma-0 text-none trigger-btn v-btn v-btn--flat theme--light currentColor--text">
            <div class="v-btn__content">
              <!---->
              <div class="v-list__tile__title">Aymar</div>
            </div>
          </button></div>
      </div>
      <div role="listitem" class="currentColor--text">
        <div class="v-list__tile v-list__tile--avatar theme--light"><button type="button" class="ma-0 text-none trigger-btn v-btn v-btn--flat theme--light currentColor--text">
            <div class="v-btn__content">
              <!---->
              <div class="v-list__tile__title">Azərbaycanca / آذربايجان</div>
            </div>
          </button></div>
      </div>
      <div role="listitem" class="currentColor--text">
        <div class="v-list__tile v-list__tile--avatar theme--light"><button type="button" class="ma-0 text-none trigger-btn v-btn v-btn--flat theme--light currentColor--text">
            <div class="v-btn__content">
              <!---->
              <div class="v-list__tile__title">Башҡорт</div>
            </div>
          </button></div>
      </div>
      <div role="listitem" class="currentColor--text">
        <div class="v-list__tile v-list__tile--avatar theme--light"><button type="button" class="ma-0 text-none trigger-btn v-btn v-btn--flat theme--light currentColor--text">
            <div class="v-btn__content">
              <!---->
              <div class="v-list__tile__title">Беларуская</div>
            </div>
          </button></div>
      </div>
      <div role="listitem" class="currentColor--text">
        <div class="v-list__tile v-list__tile--avatar theme--light"><button type="button" class="ma-0 text-none trigger-btn v-btn v-btn--flat theme--light currentColor--text">
            <div class="v-btn__content">
              <!---->
              <div class="v-list__tile__title">Български</div>
            </div>
          </button></div>
      </div>
      <div role="listitem" class="currentColor--text">
        <div class="v-list__tile v-list__tile--avatar theme--light"><button type="button" class="ma-0 text-none trigger-btn v-btn v-btn--flat theme--light currentColor--text">
            <div class="v-btn__content">
              <!---->
              <div class="v-list__tile__title">भोजपुरी</div>
            </div>
          </button></div>
      </div>
      <div role="listitem" class="currentColor--text">
        <div class="v-list__tile v-list__tile--avatar theme--light"><button type="button" class="ma-0 text-none trigger-btn v-btn v-btn--flat theme--light currentColor--text">
            <div class="v-btn__content">
              <!---->
              <div class="v-list__tile__title">Bislama</div>
            </div>
          </button></div>
      </div>
      <div role="listitem" class="currentColor--text">
        <div class="v-list__tile v-list__tile--avatar theme--light"><button type="button" class="ma-0 text-none trigger-btn v-btn v-btn--flat theme--light currentColor--text">
            <div class="v-btn__content">
              <!---->
              <div class="v-list__tile__title">Bamanankan</div>
            </div>
          </button></div>
      </div>
      <div role="listitem" class="currentColor--text">
        <div class="v-list__tile v-list__tile--avatar theme--light"><button type="button" class="ma-0 text-none trigger-btn v-btn v-btn--flat theme--light currentColor--text">
            <div class="v-btn__content">
              <!---->
              <div class="v-list__tile__title">বাংলা</div>
            </div>
          </button></div>
      </div>
      <div role="listitem" class="currentColor--text">
        <div class="v-list__tile v-list__tile--avatar theme--light"><button type="button" class="ma-0 text-none trigger-btn v-btn v-btn--flat theme--light currentColor--text">
            <div class="v-btn__content">
              <!---->
              <div class="v-list__tile__title">བོད་ཡིག / Bod skad</div>
            </div>
          </button></div>
      </div>
      <div role="listitem" class="currentColor--text">
        <div class="v-list__tile v-list__tile--avatar theme--light"><button type="button" class="ma-0 text-none trigger-btn v-btn v-btn--flat theme--light currentColor--text">
            <div class="v-btn__content">
              <!---->
              <div class="v-list__tile__title">Brezhoneg</div>
            </div>
          </button></div>
      </div>
      <div role="listitem" class="currentColor--text">
        <div class="v-list__tile v-list__tile--avatar theme--light"><button type="button" class="ma-0 text-none trigger-btn v-btn v-btn--flat theme--light currentColor--text">
            <div class="v-btn__content">
              <!---->
              <div class="v-list__tile__title">Bosanski</div>
            </div>
          </button></div>
      </div>
      <div role="listitem" class="currentColor--text">
        <div class="v-list__tile v-list__tile--avatar theme--light"><button type="button" class="ma-0 text-none trigger-btn v-btn v-btn--flat theme--light currentColor--text">
            <div class="v-btn__content">
              <!---->
              <div class="v-list__tile__title">Català</div>
            </div>
          </button></div>
      </div>
      <div role="listitem" class="currentColor--text">
        <div class="v-list__tile v-list__tile--avatar theme--light"><button type="button" class="ma-0 text-none trigger-btn v-btn v-btn--flat theme--light currentColor--text">
            <div class="v-btn__content">
              <!---->
              <div class="v-list__tile__title">Нохчийн</div>
            </div>
          </button></div>
      </div>
      <div role="listitem" class="currentColor--text">
        <div class="v-list__tile v-list__tile--avatar theme--light"><button type="button" class="ma-0 text-none trigger-btn v-btn v-btn--flat theme--light currentColor--text">
            <div class="v-btn__content">
              <!---->
              <div class="v-list__tile__title">Chamoru</div>
            </div>
          </button></div>
      </div>
      <div role="listitem" class="currentColor--text">
        <div class="v-list__tile v-list__tile--avatar theme--light"><button type="button" class="ma-0 text-none trigger-btn v-btn v-btn--flat theme--light currentColor--text">
            <div class="v-btn__content">
              <!---->
              <div class="v-list__tile__title">Corsu</div>
            </div>
          </button></div>
      </div>
      <div role="listitem" class="currentColor--text">
        <div class="v-list__tile v-list__tile--avatar theme--light"><button type="button" class="ma-0 text-none trigger-btn v-btn v-btn--flat theme--light currentColor--text">
            <div class="v-btn__content">
              <!---->
              <div class="v-list__tile__title">Nehiyaw</div>
            </div>
          </button></div>
      </div>
      <div role="listitem" class="currentColor--text">
        <div class="v-list__tile v-list__tile--avatar theme--light"><button type="button" class="ma-0 text-none trigger-btn v-btn v-btn--flat theme--light currentColor--text">
            <div class="v-btn__content">
              <!---->
              <div class="v-list__tile__title">Česky</div>
            </div>
          </button></div>
      </div>
      <div role="listitem" class="currentColor--text">
        <div class="v-list__tile v-list__tile--avatar theme--light"><button type="button" class="ma-0 text-none trigger-btn v-btn v-btn--flat theme--light currentColor--text">
            <div class="v-btn__content">
              <!---->
              <div class="v-list__tile__title">словѣньскъ / slověnĭskŭ</div>
            </div>
          </button></div>
      </div>
      <div role="listitem" class="currentColor--text">
        <div class="v-list__tile v-list__tile--avatar theme--light"><button type="button" class="ma-0 text-none trigger-btn v-btn v-btn--flat theme--light currentColor--text">
            <div class="v-btn__content">
              <!---->
              <div class="v-list__tile__title">Чăваш</div>
            </div>
          </button></div>
      </div>
      <div role="listitem" class="currentColor--text">
        <div class="v-list__tile v-list__tile--avatar theme--light"><button type="button" class="ma-0 text-none trigger-btn v-btn v-btn--flat theme--light currentColor--text">
            <div class="v-btn__content">
              <!---->
              <div class="v-list__tile__title">Cymraeg</div>
            </div>
          </button></div>
      </div>
      <div role="listitem" class="currentColor--text">
        <div class="v-list__tile v-list__tile--avatar theme--light"><button type="button" class="ma-0 text-none trigger-btn v-btn v-btn--flat theme--light currentColor--text">
            <div class="v-btn__content">
              <!---->
              <div class="v-list__tile__title">Dansk</div>
            </div>
          </button></div>
      </div>
      <div role="listitem" class="currentColor--text">
        <div class="v-list__tile v-list__tile--avatar theme--light"><button type="button" class="ma-0 text-none trigger-btn v-btn v-btn--flat theme--light currentColor--text">
            <div class="v-btn__content">
              <!---->
              <div class="v-list__tile__title">Deutsch</div>
            </div>
          </button></div>
      </div>
      <div role="listitem" class="currentColor--text">
        <div class="v-list__tile v-list__tile--avatar theme--light"><button type="button" class="ma-0 text-none trigger-btn v-btn v-btn--flat theme--light currentColor--text">
            <div class="v-btn__content">
              <!---->
              <div class="v-list__tile__title">ދިވެހިބަސް</div>
            </div>
          </button></div>
      </div>
      <div role="listitem" class="currentColor--text">
        <div class="v-list__tile v-list__tile--avatar theme--light"><button type="button" class="ma-0 text-none trigger-btn v-btn v-btn--flat theme--light currentColor--text">
            <div class="v-btn__content">
              <!---->
              <div class="v-list__tile__title">ཇོང་ཁ</div>
            </div>
          </button></div>
      </div>
      <div role="listitem" class="currentColor--text">
        <div class="v-list__tile v-list__tile--avatar theme--light"><button type="button" class="ma-0 text-none trigger-btn v-btn v-btn--flat theme--light currentColor--text">
            <div class="v-btn__content">
              <!---->
              <div class="v-list__tile__title">Ɛʋɛ</div>
            </div>
          </button></div>
      </div>
      <div role="listitem" class="currentColor--text">
        <div class="v-list__tile v-list__tile--avatar theme--light"><button type="button" class="ma-0 text-none trigger-btn v-btn v-btn--flat theme--light currentColor--text">
            <div class="v-btn__content">
              <!---->
              <div class="v-list__tile__title">Ελληνικά</div>
            </div>
          </button></div>
      </div>
      <div role="listitem" class="currentColor--text">
        <div class="v-list__tile v-list__tile--avatar theme--light"><button type="button" class="ma-0 text-none trigger-btn v-btn v-btn--flat theme--light currentColor--text">
            <div class="v-btn__content">
              <!---->
              <div class="v-list__tile__title">English</div>
            </div>
          </button></div>
      </div>
      <div role="listitem" class="currentColor--text">
        <div class="v-list__tile v-list__tile--avatar theme--light"><button type="button" class="ma-0 text-none trigger-btn v-btn v-btn--flat theme--light currentColor--text">
            <div class="v-btn__content">
              <!---->
              <div class="v-list__tile__title">Esperanto</div>
            </div>
          </button></div>
      </div>
      <div role="listitem" class="currentColor--text">
        <div class="v-list__tile v-list__tile--avatar theme--light"><button type="button" class="ma-0 text-none trigger-btn v-btn v-btn--flat theme--light currentColor--text">
            <div class="v-btn__content">
              <!---->
              <div class="v-list__tile__title">Español</div>
            </div>
          </button></div>
      </div>
      <div role="listitem" class="currentColor--text">
        <div class="v-list__tile v-list__tile--avatar theme--light"><button type="button" class="ma-0 text-none trigger-btn v-btn v-btn--flat theme--light currentColor--text">
            <div class="v-btn__content">
              <!---->
              <div class="v-list__tile__title">Eesti</div>
            </div>
          </button></div>
      </div>
      <div role="listitem" class="currentColor--text">
        <div class="v-list__tile v-list__tile--avatar theme--light"><button type="button" class="ma-0 text-none trigger-btn v-btn v-btn--flat theme--light currentColor--text">
            <div class="v-btn__content">
              <!---->
              <div class="v-list__tile__title">Euskara</div>
            </div>
          </button></div>
      </div>
      <div role="listitem" class="currentColor--text">
        <div class="v-list__tile v-list__tile--avatar theme--light"><button type="button" class="ma-0 text-none trigger-btn v-btn v-btn--flat theme--light currentColor--text">
            <div class="v-btn__content">
              <!---->
              <div class="v-list__tile__title">فارسی</div>
            </div>
          </button></div>
      </div>
      <div role="listitem" class="currentColor--text">
        <div class="v-list__tile v-list__tile--avatar theme--light"><button type="button" class="ma-0 text-none trigger-btn v-btn v-btn--flat theme--light currentColor--text">
            <div class="v-btn__content">
              <!---->
              <div class="v-list__tile__title">Fulfulde</div>
            </div>
          </button></div>
      </div>
      <div role="listitem" class="currentColor--text">
        <div class="v-list__tile v-list__tile--avatar theme--light"><button type="button" class="ma-0 text-none trigger-btn v-btn v-btn--flat theme--light currentColor--text">
            <div class="v-btn__content">
              <!---->
              <div class="v-list__tile__title">Suomi</div>
            </div>
          </button></div>
      </div>
      <div role="listitem" class="currentColor--text">
        <div class="v-list__tile v-list__tile--avatar theme--light"><button type="button" class="ma-0 text-none trigger-btn v-btn v-btn--flat theme--light currentColor--text">
            <div class="v-btn__content">
              <!---->
              <div class="v-list__tile__title">Na Vosa Vakaviti</div>
            </div>
          </button></div>
      </div>
      <div role="listitem" class="currentColor--text">
        <div class="v-list__tile v-list__tile--avatar theme--light"><button type="button" class="ma-0 text-none trigger-btn v-btn v-btn--flat theme--light currentColor--text">
            <div class="v-btn__content">
              <!---->
              <div class="v-list__tile__title">Føroyskt</div>
            </div>
          </button></div>
      </div>
      <div role="listitem" class="currentColor--text">
        <div class="v-list__tile v-list__tile--avatar theme--light"><button type="button" class="ma-0 text-none trigger-btn v-btn v-btn--flat theme--light currentColor--text">
            <div class="v-btn__content">
              <!---->
              <div class="v-list__tile__title">Français</div>
            </div>
          </button></div>
      </div>
      <div role="listitem" class="currentColor--text">
        <div class="v-list__tile v-list__tile--avatar theme--light"><button type="button" class="ma-0 text-none trigger-btn v-btn v-btn--flat theme--light currentColor--text">
            <div class="v-btn__content">
              <!---->
              <div class="v-list__tile__title">Frysk</div>
            </div>
          </button></div>
      </div>
      <div role="listitem" class="currentColor--text">
        <div class="v-list__tile v-list__tile--avatar theme--light"><button type="button" class="ma-0 text-none trigger-btn v-btn v-btn--flat theme--light currentColor--text">
            <div class="v-btn__content">
              <!---->
              <div class="v-list__tile__title">Gaeilge</div>
            </div>
          </button></div>
      </div>
      <div role="listitem" class="currentColor--text">
        <div class="v-list__tile v-list__tile--avatar theme--light"><button type="button" class="ma-0 text-none trigger-btn v-btn v-btn--flat theme--light currentColor--text">
            <div class="v-btn__content">
              <!---->
              <div class="v-list__tile__title">Gàidhlig</div>
            </div>
          </button></div>
      </div>
      <div role="listitem" class="currentColor--text">
        <div class="v-list__tile v-list__tile--avatar theme--light"><button type="button" class="ma-0 text-none trigger-btn v-btn v-btn--flat theme--light currentColor--text">
            <div class="v-btn__content">
              <!---->
              <div class="v-list__tile__title">Galego</div>
            </div>
          </button></div>
      </div>
      <div role="listitem" class="currentColor--text">
        <div class="v-list__tile v-list__tile--avatar theme--light"><button type="button" class="ma-0 text-none trigger-btn v-btn v-btn--flat theme--light currentColor--text">
            <div class="v-btn__content">
              <!---->
              <div class="v-list__tile__title">Avañe'ẽ</div>
            </div>
          </button></div>
      </div>
      <div role="listitem" class="currentColor--text">
        <div class="v-list__tile v-list__tile--avatar theme--light"><button type="button" class="ma-0 text-none trigger-btn v-btn v-btn--flat theme--light currentColor--text">
            <div class="v-btn__content">
              <!---->
              <div class="v-list__tile__title">ગુજરાતી</div>
            </div>
          </button></div>
      </div>
      <div role="listitem" class="currentColor--text">
        <div class="v-list__tile v-list__tile--avatar theme--light"><button type="button" class="ma-0 text-none trigger-btn v-btn v-btn--flat theme--light currentColor--text">
            <div class="v-btn__content">
              <!---->
              <div class="v-list__tile__title">Gaelg</div>
            </div>
          </button></div>
      </div>
      <div role="listitem" class="currentColor--text">
        <div class="v-list__tile v-list__tile--avatar theme--light"><button type="button" class="ma-0 text-none trigger-btn v-btn v-btn--flat theme--light currentColor--text">
            <div class="v-btn__content">
              <!---->
              <div class="v-list__tile__title">هَوُسَ</div>
            </div>
          </button></div>
      </div>
      <div role="listitem" class="currentColor--text">
        <div class="v-list__tile v-list__tile--avatar theme--light"><button type="button" class="ma-0 text-none trigger-btn v-btn v-btn--flat theme--light currentColor--text">
            <div class="v-btn__content">
              <!---->
              <div class="v-list__tile__title">עברית</div>
            </div>
          </button></div>
      </div>
      <div role="listitem" class="currentColor--text">
        <div class="v-list__tile v-list__tile--avatar theme--light"><button type="button" class="ma-0 text-none trigger-btn v-btn v-btn--flat theme--light currentColor--text">
            <div class="v-btn__content">
              <!---->
              <div class="v-list__tile__title">हिन्दी</div>
            </div>
          </button></div>
      </div>
      <div role="listitem" class="currentColor--text">
        <div class="v-list__tile v-list__tile--avatar theme--light"><button type="button" class="ma-0 text-none trigger-btn v-btn v-btn--flat theme--light currentColor--text">
            <div class="v-btn__content">
              <!---->
              <div class="v-list__tile__title">Hiri Motu</div>
            </div>
          </button></div>
      </div>
      <div role="listitem" class="currentColor--text">
        <div class="v-list__tile v-list__tile--avatar theme--light"><button type="button" class="ma-0 text-none trigger-btn v-btn v-btn--flat theme--light currentColor--text">
            <div class="v-btn__content">
              <!---->
              <div class="v-list__tile__title">Hrvatski</div>
            </div>
          </button></div>
      </div>
      <div role="listitem" class="currentColor--text">
        <div class="v-list__tile v-list__tile--avatar theme--light"><button type="button" class="ma-0 text-none trigger-btn v-btn v-btn--flat theme--light currentColor--text">
            <div class="v-btn__content">
              <!---->
              <div class="v-list__tile__title">Krèyol ayisyen</div>
            </div>
          </button></div>
      </div>
      <div role="listitem" class="currentColor--text">
        <div class="v-list__tile v-list__tile--avatar theme--light"><button type="button" class="ma-0 text-none trigger-btn v-btn v-btn--flat theme--light currentColor--text">
            <div class="v-btn__content">
              <!---->
              <div class="v-list__tile__title">Magyar</div>
            </div>
          </button></div>
      </div>
      <div role="listitem" class="currentColor--text">
        <div class="v-list__tile v-list__tile--avatar theme--light"><button type="button" class="ma-0 text-none trigger-btn v-btn v-btn--flat theme--light currentColor--text">
            <div class="v-btn__content">
              <!---->
              <div class="v-list__tile__title">Հայերեն</div>
            </div>
          </button></div>
      </div>
      <div role="listitem" class="currentColor--text">
        <div class="v-list__tile v-list__tile--avatar theme--light"><button type="button" class="ma-0 text-none trigger-btn v-btn v-btn--flat theme--light currentColor--text">
            <div class="v-btn__content">
              <!---->
              <div class="v-list__tile__title">Otsiherero</div>
            </div>
          </button></div>
      </div>
      <div role="listitem" class="currentColor--text">
        <div class="v-list__tile v-list__tile--avatar theme--light"><button type="button" class="ma-0 text-none trigger-btn v-btn v-btn--flat theme--light currentColor--text">
            <div class="v-btn__content">
              <!---->
              <div class="v-list__tile__title">Interlingua</div>
            </div>
          </button></div>
      </div>
      <div role="listitem" class="currentColor--text">
        <div class="v-list__tile v-list__tile--avatar theme--light"><button type="button" class="ma-0 text-none trigger-btn v-btn v-btn--flat theme--light currentColor--text">
            <div class="v-btn__content">
              <!---->
              <div class="v-list__tile__title">Bahasa Indonesia</div>
            </div>
          </button></div>
      </div>
      <div role="listitem" class="currentColor--text">
        <div class="v-list__tile v-list__tile--avatar theme--light"><button type="button" class="ma-0 text-none trigger-btn v-btn v-btn--flat theme--light currentColor--text">
            <div class="v-btn__content">
              <!---->
              <div class="v-list__tile__title">Interlingue</div>
            </div>
          </button></div>
      </div>
      <div role="listitem" class="currentColor--text">
        <div class="v-list__tile v-list__tile--avatar theme--light"><button type="button" class="ma-0 text-none trigger-btn v-btn v-btn--flat theme--light currentColor--text">
            <div class="v-btn__content">
              <!---->
              <div class="v-list__tile__title">Igbo</div>
            </div>
          </button></div>
      </div>
      <div role="listitem" class="currentColor--text">
        <div class="v-list__tile v-list__tile--avatar theme--light"><button type="button" class="ma-0 text-none trigger-btn v-btn v-btn--flat theme--light currentColor--text">
            <div class="v-btn__content">
              <!---->
              <div class="v-list__tile__title">ꆇꉙ / 四川彝语</div>
            </div>
          </button></div>
      </div>
      <div role="listitem" class="currentColor--text">
        <div class="v-list__tile v-list__tile--avatar theme--light"><button type="button" class="ma-0 text-none trigger-btn v-btn v-btn--flat theme--light currentColor--text">
            <div class="v-btn__content">
              <!---->
              <div class="v-list__tile__title">Iñupiak</div>
            </div>
          </button></div>
      </div>
      <div role="listitem" class="currentColor--text">
        <div class="v-list__tile v-list__tile--avatar theme--light"><button type="button" class="ma-0 text-none trigger-btn v-btn v-btn--flat theme--light currentColor--text">
            <div class="v-btn__content">
              <!---->
              <div class="v-list__tile__title">Ido</div>
            </div>
          </button></div>
      </div>
      <div role="listitem" class="currentColor--text">
        <div class="v-list__tile v-list__tile--avatar theme--light"><button type="button" class="ma-0 text-none trigger-btn v-btn v-btn--flat theme--light currentColor--text">
            <div class="v-btn__content">
              <!---->
              <div class="v-list__tile__title">Íslenska</div>
            </div>
          </button></div>
      </div>
      <div role="listitem" class="currentColor--text">
        <div class="v-list__tile v-list__tile--avatar theme--light"><button type="button" class="ma-0 text-none trigger-btn v-btn v-btn--flat theme--light currentColor--text">
            <div class="v-btn__content">
              <!---->
              <div class="v-list__tile__title">Italiano</div>
            </div>
          </button></div>
      </div>
      <div role="listitem" class="currentColor--text">
        <div class="v-list__tile v-list__tile--avatar theme--light"><button type="button" class="ma-0 text-none trigger-btn v-btn v-btn--flat theme--light currentColor--text">
            <div class="v-btn__content">
              <!---->
              <div class="v-list__tile__title">ᐃᓄᒃᑎᑐᑦ</div>
            </div>
          </button></div>
      </div>
      <div role="listitem" class="currentColor--text">
        <div class="v-list__tile v-list__tile--avatar theme--light"><button type="button" class="ma-0 text-none trigger-btn v-btn v-btn--flat theme--light currentColor--text">
            <div class="v-btn__content">
              <!---->
              <div class="v-list__tile__title">日本語</div>
            </div>
          </button></div>
      </div>
      <div role="listitem" class="currentColor--text">
        <div class="v-list__tile v-list__tile--avatar theme--light"><button type="button" class="ma-0 text-none trigger-btn v-btn v-btn--flat theme--light currentColor--text">
            <div class="v-btn__content">
              <!---->
              <div class="v-list__tile__title">Basa Jawa</div>
            </div>
          </button></div>
      </div>
      <div role="listitem" class="currentColor--text">
        <div class="v-list__tile v-list__tile--avatar theme--light"><button type="button" class="ma-0 text-none trigger-btn v-btn v-btn--flat theme--light currentColor--text">
            <div class="v-btn__content">
              <!---->
              <div class="v-list__tile__title">ქართული</div>
            </div>
          </button></div>
      </div>
      <div role="listitem" class="currentColor--text">
        <div class="v-list__tile v-list__tile--avatar theme--light"><button type="button" class="ma-0 text-none trigger-btn v-btn v-btn--flat theme--light currentColor--text">
            <div class="v-btn__content">
              <!---->
              <div class="v-list__tile__title">KiKongo</div>
            </div>
          </button></div>
      </div>
      <div role="listitem" class="currentColor--text">
        <div class="v-list__tile v-list__tile--avatar theme--light"><button type="button" class="ma-0 text-none trigger-btn v-btn v-btn--flat theme--light currentColor--text">
            <div class="v-btn__content">
              <!---->
              <div class="v-list__tile__title">Gĩkũyũ</div>
            </div>
          </button></div>
      </div>
      <div role="listitem" class="currentColor--text">
        <div class="v-list__tile v-list__tile--avatar theme--light"><button type="button" class="ma-0 text-none trigger-btn v-btn v-btn--flat theme--light currentColor--text">
            <div class="v-btn__content">
              <!---->
              <div class="v-list__tile__title">Kuanyama</div>
            </div>
          </button></div>
      </div>
      <div role="listitem" class="currentColor--text">
        <div class="v-list__tile v-list__tile--avatar theme--light"><button type="button" class="ma-0 text-none trigger-btn v-btn v-btn--flat theme--light currentColor--text">
            <div class="v-btn__content">
              <!---->
              <div class="v-list__tile__title">Қазақша</div>
            </div>
          </button></div>
      </div>
      <div role="listitem" class="currentColor--text">
        <div class="v-list__tile v-list__tile--avatar theme--light"><button type="button" class="ma-0 text-none trigger-btn v-btn v-btn--flat theme--light currentColor--text">
            <div class="v-btn__content">
              <!---->
              <div class="v-list__tile__title">Kalaallisut</div>
            </div>
          </button></div>
      </div>
      <div role="listitem" class="currentColor--text">
        <div class="v-list__tile v-list__tile--avatar theme--light"><button type="button" class="ma-0 text-none trigger-btn v-btn v-btn--flat theme--light currentColor--text">
            <div class="v-btn__content">
              <!---->
              <div class="v-list__tile__title">ភាសាខ្មែរ</div>
            </div>
          </button></div>
      </div>
      <div role="listitem" class="currentColor--text">
        <div class="v-list__tile v-list__tile--avatar theme--light"><button type="button" class="ma-0 text-none trigger-btn v-btn v-btn--flat theme--light currentColor--text">
            <div class="v-btn__content">
              <!---->
              <div class="v-list__tile__title">ಕನ್ನಡ</div>
            </div>
          </button></div>
      </div>
      <div role="listitem" class="currentColor--text">
        <div class="v-list__tile v-list__tile--avatar theme--light"><button type="button" class="ma-0 text-none trigger-btn v-btn v-btn--flat theme--light currentColor--text">
            <div class="v-btn__content">
              <!---->
              <div class="v-list__tile__title">한국어</div>
            </div>
          </button></div>
      </div>
      <div role="listitem" class="currentColor--text">
        <div class="v-list__tile v-list__tile--avatar theme--light"><button type="button" class="ma-0 text-none trigger-btn v-btn v-btn--flat theme--light currentColor--text">
            <div class="v-btn__content">
              <!---->
              <div class="v-list__tile__title">Kanuri</div>
            </div>
          </button></div>
      </div>
      <div role="listitem" class="currentColor--text">
        <div class="v-list__tile v-list__tile--avatar theme--light"><button type="button" class="ma-0 text-none trigger-btn v-btn v-btn--flat theme--light currentColor--text">
            <div class="v-btn__content">
              <!---->
              <div class="v-list__tile__title">कश्मीरी / كشميري</div>
            </div>
          </button></div>
      </div>
      <div role="listitem" class="currentColor--text">
        <div class="v-list__tile v-list__tile--avatar theme--light"><button type="button" class="ma-0 text-none trigger-btn v-btn v-btn--flat theme--light currentColor--text">
            <div class="v-btn__content">
              <!---->
              <div class="v-list__tile__title">Kurdî / كوردی</div>
            </div>
          </button></div>
      </div>
      <div role="listitem" class="currentColor--text">
        <div class="v-list__tile v-list__tile--avatar theme--light"><button type="button" class="ma-0 text-none trigger-btn v-btn v-btn--flat theme--light currentColor--text">
            <div class="v-btn__content">
              <!---->
              <div class="v-list__tile__title">Коми</div>
            </div>
          </button></div>
      </div>
      <div role="listitem" class="currentColor--text">
        <div class="v-list__tile v-list__tile--avatar theme--light"><button type="button" class="ma-0 text-none trigger-btn v-btn v-btn--flat theme--light currentColor--text">
            <div class="v-btn__content">
              <!---->
              <div class="v-list__tile__title">Kernewek</div>
            </div>
          </button></div>
      </div>
      <div role="listitem" class="currentColor--text">
        <div class="v-list__tile v-list__tile--avatar theme--light"><button type="button" class="ma-0 text-none trigger-btn v-btn v-btn--flat theme--light currentColor--text">
            <div class="v-btn__content">
              <!---->
              <div class="v-list__tile__title">Kırgızca / Кыргызча</div>
            </div>
          </button></div>
      </div>
      <div role="listitem" class="currentColor--text">
        <div class="v-list__tile v-list__tile--avatar theme--light"><button type="button" class="ma-0 text-none trigger-btn v-btn v-btn--flat theme--light currentColor--text">
            <div class="v-btn__content">
              <!---->
              <div class="v-list__tile__title">Latina</div>
            </div>
          </button></div>
      </div>
      <div role="listitem" class="currentColor--text">
        <div class="v-list__tile v-list__tile--avatar theme--light"><button type="button" class="ma-0 text-none trigger-btn v-btn v-btn--flat theme--light currentColor--text">
            <div class="v-btn__content">
              <!---->
              <div class="v-list__tile__title">Lëtzebuergesch</div>
            </div>
          </button></div>
      </div>
      <div role="listitem" class="currentColor--text">
        <div class="v-list__tile v-list__tile--avatar theme--light"><button type="button" class="ma-0 text-none trigger-btn v-btn v-btn--flat theme--light currentColor--text">
            <div class="v-btn__content">
              <!---->
              <div class="v-list__tile__title">Luganda</div>
            </div>
          </button></div>
      </div>
      <div role="listitem" class="currentColor--text">
        <div class="v-list__tile v-list__tile--avatar theme--light"><button type="button" class="ma-0 text-none trigger-btn v-btn v-btn--flat theme--light currentColor--text">
            <div class="v-btn__content">
              <!---->
              <div class="v-list__tile__title">Limburgs</div>
            </div>
          </button></div>
      </div>
      <div role="listitem" class="currentColor--text">
        <div class="v-list__tile v-list__tile--avatar theme--light"><button type="button" class="ma-0 text-none trigger-btn v-btn v-btn--flat theme--light currentColor--text">
            <div class="v-btn__content">
              <!---->
              <div class="v-list__tile__title">Lingála</div>
            </div>
          </button></div>
      </div>
      <div role="listitem" class="currentColor--text">
        <div class="v-list__tile v-list__tile--avatar theme--light"><button type="button" class="ma-0 text-none trigger-btn v-btn v-btn--flat theme--light currentColor--text">
            <div class="v-btn__content">
              <!---->
              <div class="v-list__tile__title">ລາວ / Pha xa lao</div>
            </div>
          </button></div>
      </div>
      <div role="listitem" class="currentColor--text">
        <div class="v-list__tile v-list__tile--avatar theme--light"><button type="button" class="ma-0 text-none trigger-btn v-btn v-btn--flat theme--light currentColor--text">
            <div class="v-btn__content">
              <!---->
              <div class="v-list__tile__title">Lietuvių</div>
            </div>
          </button></div>
      </div>
      <div role="listitem" class="currentColor--text">
        <div class="v-list__tile v-list__tile--avatar theme--light"><button type="button" class="ma-0 text-none trigger-btn v-btn v-btn--flat theme--light currentColor--text">
            <div class="v-btn__content">
              <!---->
              <div class="v-list__tile__title">Latviešu</div>
            </div>
          </button></div>
      </div>
      <div role="listitem" class="currentColor--text">
        <div class="v-list__tile v-list__tile--avatar theme--light"><button type="button" class="ma-0 text-none trigger-btn v-btn v-btn--flat theme--light currentColor--text">
            <div class="v-btn__content">
              <!---->
              <div class="v-list__tile__title">Malagasy</div>
            </div>
          </button></div>
      </div>
      <div role="listitem" class="currentColor--text">
        <div class="v-list__tile v-list__tile--avatar theme--light"><button type="button" class="ma-0 text-none trigger-btn v-btn v-btn--flat theme--light currentColor--text">
            <div class="v-btn__content">
              <!---->
              <div class="v-list__tile__title">Kajin Majel / Ebon</div>
            </div>
          </button></div>
      </div>
      <div role="listitem" class="currentColor--text">
        <div class="v-list__tile v-list__tile--avatar theme--light"><button type="button" class="ma-0 text-none trigger-btn v-btn v-btn--flat theme--light currentColor--text">
            <div class="v-btn__content">
              <!---->
              <div class="v-list__tile__title">Māori</div>
            </div>
          </button></div>
      </div>
      <div role="listitem" class="currentColor--text">
        <div class="v-list__tile v-list__tile--avatar theme--light"><button type="button" class="ma-0 text-none trigger-btn v-btn v-btn--flat theme--light currentColor--text">
            <div class="v-btn__content">
              <!---->
              <div class="v-list__tile__title">Македонски</div>
            </div>
          </button></div>
      </div>
      <div role="listitem" class="currentColor--text">
        <div class="v-list__tile v-list__tile--avatar theme--light"><button type="button" class="ma-0 text-none trigger-btn v-btn v-btn--flat theme--light currentColor--text">
            <div class="v-btn__content">
              <!---->
              <div class="v-list__tile__title">മലയാളം</div>
            </div>
          </button></div>
      </div>
      <div role="listitem" class="currentColor--text">
        <div class="v-list__tile v-list__tile--avatar theme--light"><button type="button" class="ma-0 text-none trigger-btn v-btn v-btn--flat theme--light currentColor--text">
            <div class="v-btn__content">
              <!---->
              <div class="v-list__tile__title">Монгол</div>
            </div>
          </button></div>
      </div>
      <div role="listitem" class="currentColor--text">
        <div class="v-list__tile v-list__tile--avatar theme--light"><button type="button" class="ma-0 text-none trigger-btn v-btn v-btn--flat theme--light currentColor--text">
            <div class="v-btn__content">
              <!---->
              <div class="v-list__tile__title">Moldovenească</div>
            </div>
          </button></div>
      </div>
      <div role="listitem" class="currentColor--text">
        <div class="v-list__tile v-list__tile--avatar theme--light"><button type="button" class="ma-0 text-none trigger-btn v-btn v-btn--flat theme--light currentColor--text">
            <div class="v-btn__content">
              <!---->
              <div class="v-list__tile__title">मराठी</div>
            </div>
          </button></div>
      </div>
      <div role="listitem" class="currentColor--text">
        <div class="v-list__tile v-list__tile--avatar theme--light"><button type="button" class="ma-0 text-none trigger-btn v-btn v-btn--flat theme--light currentColor--text">
            <div class="v-btn__content">
              <!---->
              <div class="v-list__tile__title">Bahasa Melayu</div>
            </div>
          </button></div>
      </div>
      <div role="listitem" class="currentColor--text">
        <div class="v-list__tile v-list__tile--avatar theme--light"><button type="button" class="ma-0 text-none trigger-btn v-btn v-btn--flat theme--light currentColor--text">
            <div class="v-btn__content">
              <!---->
              <div class="v-list__tile__title">bil-Malti</div>
            </div>
          </button></div>
      </div>
      <div role="listitem" class="currentColor--text">
        <div class="v-list__tile v-list__tile--avatar theme--light"><button type="button" class="ma-0 text-none trigger-btn v-btn v-btn--flat theme--light currentColor--text">
            <div class="v-btn__content">
              <!---->
              <div class="v-list__tile__title">Myanmasa</div>
            </div>
          </button></div>
      </div>
      <div role="listitem" class="currentColor--text">
        <div class="v-list__tile v-list__tile--avatar theme--light"><button type="button" class="ma-0 text-none trigger-btn v-btn v-btn--flat theme--light currentColor--text">
            <div class="v-btn__content">
              <!---->
              <div class="v-list__tile__title">Dorerin Naoero</div>
            </div>
          </button></div>
      </div>
      <div role="listitem" class="currentColor--text">
        <div class="v-list__tile v-list__tile--avatar theme--light"><button type="button" class="ma-0 text-none trigger-btn v-btn v-btn--flat theme--light currentColor--text">
            <div class="v-btn__content">
              <!---->
              <div class="v-list__tile__title">Sindebele</div>
            </div>
          </button></div>
      </div>
      <div role="listitem" class="currentColor--text">
        <div class="v-list__tile v-list__tile--avatar theme--light"><button type="button" class="ma-0 text-none trigger-btn v-btn v-btn--flat theme--light currentColor--text">
            <div class="v-btn__content">
              <!---->
              <div class="v-list__tile__title">नेपाली</div>
            </div>
          </button></div>
      </div>
      <div role="listitem" class="currentColor--text">
        <div class="v-list__tile v-list__tile--avatar theme--light"><button type="button" class="ma-0 text-none trigger-btn v-btn v-btn--flat theme--light currentColor--text">
            <div class="v-btn__content">
              <!---->
              <div class="v-list__tile__title">Oshiwambo</div>
            </div>
          </button></div>
      </div>
      <div role="listitem" class="currentColor--text">
        <div class="v-list__tile v-list__tile--avatar theme--light"><button type="button" class="ma-0 text-none trigger-btn v-btn v-btn--flat theme--light currentColor--text">
            <div class="v-btn__content">
              <!---->
              <div class="v-list__tile__title">Nederlands</div>
            </div>
          </button></div>
      </div>
      <div role="listitem" class="currentColor--text">
        <div class="v-list__tile v-list__tile--avatar theme--light"><button type="button" class="ma-0 text-none trigger-btn v-btn v-btn--flat theme--light currentColor--text">
            <div class="v-btn__content">
              <!---->
              <div class="v-list__tile__title">Norsk (nynorsk)</div>
            </div>
          </button></div>
      </div>
      <div role="listitem" class="currentColor--text">
        <div class="v-list__tile v-list__tile--avatar theme--light"><button type="button" class="ma-0 text-none trigger-btn v-btn v-btn--flat theme--light currentColor--text">
            <div class="v-btn__content">
              <!---->
              <div class="v-list__tile__title">Norsk (bokmål / riksmål)</div>
            </div>
          </button></div>
      </div>
      <div role="listitem" class="currentColor--text">
        <div class="v-list__tile v-list__tile--avatar theme--light"><button type="button" class="ma-0 text-none trigger-btn v-btn v-btn--flat theme--light currentColor--text">
            <div class="v-btn__content">
              <!---->
              <div class="v-list__tile__title">isiNdebele</div>
            </div>
          </button></div>
      </div>
      <div role="listitem" class="currentColor--text">
        <div class="v-list__tile v-list__tile--avatar theme--light"><button type="button" class="ma-0 text-none trigger-btn v-btn v-btn--flat theme--light currentColor--text">
            <div class="v-btn__content">
              <!---->
              <div class="v-list__tile__title">Diné bizaad</div>
            </div>
          </button></div>
      </div>
      <div role="listitem" class="currentColor--text">
        <div class="v-list__tile v-list__tile--avatar theme--light"><button type="button" class="ma-0 text-none trigger-btn v-btn v-btn--flat theme--light currentColor--text">
            <div class="v-btn__content">
              <!---->
              <div class="v-list__tile__title">Chi-Chewa</div>
            </div>
          </button></div>
      </div>
      <div role="listitem" class="currentColor--text">
        <div class="v-list__tile v-list__tile--avatar theme--light"><button type="button" class="ma-0 text-none trigger-btn v-btn v-btn--flat theme--light currentColor--text">
            <div class="v-btn__content">
              <!---->
              <div class="v-list__tile__title">Occitan</div>
            </div>
          </button></div>
      </div>
      <div role="listitem" class="currentColor--text">
        <div class="v-list__tile v-list__tile--avatar theme--light"><button type="button" class="ma-0 text-none trigger-btn v-btn v-btn--flat theme--light currentColor--text">
            <div class="v-btn__content">
              <!---->
              <div class="v-list__tile__title">ᐊᓂᔑᓈᐯᒧᐎᓐ / Anishinaabemowin</div>
            </div>
          </button></div>
      </div>
      <div role="listitem" class="currentColor--text">
        <div class="v-list__tile v-list__tile--avatar theme--light"><button type="button" class="ma-0 text-none trigger-btn v-btn v-btn--flat theme--light currentColor--text">
            <div class="v-btn__content">
              <!---->
              <div class="v-list__tile__title">Oromoo</div>
            </div>
          </button></div>
      </div>
      <div role="listitem" class="currentColor--text">
        <div class="v-list__tile v-list__tile--avatar theme--light"><button type="button" class="ma-0 text-none trigger-btn v-btn v-btn--flat theme--light currentColor--text">
            <div class="v-btn__content">
              <!---->
              <div class="v-list__tile__title">ଓଡ଼ିଆ</div>
            </div>
          </button></div>
      </div>
      <div role="listitem" class="currentColor--text">
        <div class="v-list__tile v-list__tile--avatar theme--light"><button type="button" class="ma-0 text-none trigger-btn v-btn v-btn--flat theme--light currentColor--text">
            <div class="v-btn__content">
              <!---->
              <div class="v-list__tile__title">Иронау</div>
            </div>
          </button></div>
      </div>
      <div role="listitem" class="currentColor--text">
        <div class="v-list__tile v-list__tile--avatar theme--light"><button type="button" class="ma-0 text-none trigger-btn v-btn v-btn--flat theme--light currentColor--text">
            <div class="v-btn__content">
              <!---->
              <div class="v-list__tile__title">ਪੰਜਾਬੀ / पंजाबी / پنجابي</div>
            </div>
          </button></div>
      </div>
      <div role="listitem" class="currentColor--text">
        <div class="v-list__tile v-list__tile--avatar theme--light"><button type="button" class="ma-0 text-none trigger-btn v-btn v-btn--flat theme--light currentColor--text">
            <div class="v-btn__content">
              <!---->
              <div class="v-list__tile__title">Pāli / पाऴि</div>
            </div>
          </button></div>
      </div>
      <div role="listitem" class="currentColor--text">
        <div class="v-list__tile v-list__tile--avatar theme--light"><button type="button" class="ma-0 text-none trigger-btn v-btn v-btn--flat theme--light currentColor--text">
            <div class="v-btn__content">
              <!---->
              <div class="v-list__tile__title">Polski</div>
            </div>
          </button></div>
      </div>
      <div role="listitem" class="currentColor--text">
        <div class="v-list__tile v-list__tile--avatar theme--light"><button type="button" class="ma-0 text-none trigger-btn v-btn v-btn--flat theme--light currentColor--text">
            <div class="v-btn__content">
              <!---->
              <div class="v-list__tile__title">پښتو</div>
            </div>
          </button></div>
      </div>
      <div role="listitem" class="currentColor--text">
        <div class="v-list__tile v-list__tile--avatar theme--light"><button type="button" class="ma-0 text-none trigger-btn v-btn v-btn--flat theme--light currentColor--text">
            <div class="v-btn__content">
              <!---->
              <div class="v-list__tile__title">Português</div>
            </div>
          </button></div>
      </div>
      <div role="listitem" class="currentColor--text">
        <div class="v-list__tile v-list__tile--avatar theme--light"><button type="button" class="ma-0 text-none trigger-btn v-btn v-btn--flat theme--light currentColor--text">
            <div class="v-btn__content">
              <!---->
              <div class="v-list__tile__title">Runa Simi</div>
            </div>
          </button></div>
      </div>
      <div role="listitem" class="currentColor--text">
        <div class="v-list__tile v-list__tile--avatar theme--light"><button type="button" class="ma-0 text-none trigger-btn v-btn v-btn--flat theme--light currentColor--text">
            <div class="v-btn__content">
              <!---->
              <div class="v-list__tile__title">Rumantsch</div>
            </div>
          </button></div>
      </div>
      <div role="listitem" class="currentColor--text">
        <div class="v-list__tile v-list__tile--avatar theme--light"><button type="button" class="ma-0 text-none trigger-btn v-btn v-btn--flat theme--light currentColor--text">
            <div class="v-btn__content">
              <!---->
              <div class="v-list__tile__title">Kirundi</div>
            </div>
          </button></div>
      </div>
      <div role="listitem" class="currentColor--text">
        <div class="v-list__tile v-list__tile--avatar theme--light"><button type="button" class="ma-0 text-none trigger-btn v-btn v-btn--flat theme--light currentColor--text">
            <div class="v-btn__content">
              <!---->
              <div class="v-list__tile__title">Română</div>
            </div>
          </button></div>
      </div>
      <div role="listitem" class="currentColor--text">
        <div class="v-list__tile v-list__tile--avatar theme--light"><button type="button" class="ma-0 text-none trigger-btn v-btn v-btn--flat theme--light currentColor--text">
            <div class="v-btn__content">
              <!---->
              <div class="v-list__tile__title">Русский</div>
            </div>
          </button></div>
      </div>
      <div role="listitem" class="currentColor--text">
        <div class="v-list__tile v-list__tile--avatar theme--light"><button type="button" class="ma-0 text-none trigger-btn v-btn v-btn--flat theme--light currentColor--text">
            <div class="v-btn__content">
              <!---->
              <div class="v-list__tile__title">Kinyarwandi</div>
            </div>
          </button></div>
      </div>
      <div role="listitem" class="currentColor--text">
        <div class="v-list__tile v-list__tile--avatar theme--light"><button type="button" class="ma-0 text-none trigger-btn v-btn v-btn--flat theme--light currentColor--text">
            <div class="v-btn__content">
              <!---->
              <div class="v-list__tile__title">संस्कृतम्</div>
            </div>
          </button></div>
      </div>
      <div role="listitem" class="currentColor--text">
        <div class="v-list__tile v-list__tile--avatar theme--light"><button type="button" class="ma-0 text-none trigger-btn v-btn v-btn--flat theme--light currentColor--text">
            <div class="v-btn__content">
              <!---->
              <div class="v-list__tile__title">Sardu</div>
            </div>
          </button></div>
      </div>
      <div role="listitem" class="currentColor--text">
        <div class="v-list__tile v-list__tile--avatar theme--light"><button type="button" class="ma-0 text-none trigger-btn v-btn v-btn--flat theme--light currentColor--text">
            <div class="v-btn__content">
              <!---->
              <div class="v-list__tile__title">सिनधि</div>
            </div>
          </button></div>
      </div>
      <div role="listitem" class="currentColor--text">
        <div class="v-list__tile v-list__tile--avatar theme--light"><button type="button" class="ma-0 text-none trigger-btn v-btn v-btn--flat theme--light currentColor--text">
            <div class="v-btn__content">
              <!---->
              <div class="v-list__tile__title">Sámegiella</div>
            </div>
          </button></div>
      </div>
      <div role="listitem" class="currentColor--text">
        <div class="v-list__tile v-list__tile--avatar theme--light"><button type="button" class="ma-0 text-none trigger-btn v-btn v-btn--flat theme--light currentColor--text">
            <div class="v-btn__content">
              <!---->
              <div class="v-list__tile__title">Sängö</div>
            </div>
          </button></div>
      </div>
      <div role="listitem" class="currentColor--text">
        <div class="v-list__tile v-list__tile--avatar theme--light"><button type="button" class="ma-0 text-none trigger-btn v-btn v-btn--flat theme--light currentColor--text">
            <div class="v-btn__content">
              <!---->
              <div class="v-list__tile__title">Srpskohrvatski / Српскохрватски</div>
            </div>
          </button></div>
      </div>
      <div role="listitem" class="currentColor--text">
        <div class="v-list__tile v-list__tile--avatar theme--light"><button type="button" class="ma-0 text-none trigger-btn v-btn v-btn--flat theme--light currentColor--text">
            <div class="v-btn__content">
              <!---->
              <div class="v-list__tile__title">සිංහල</div>
            </div>
          </button></div>
      </div>
      <div role="listitem" class="currentColor--text">
        <div class="v-list__tile v-list__tile--avatar theme--light"><button type="button" class="ma-0 text-none trigger-btn v-btn v-btn--flat theme--light currentColor--text">
            <div class="v-btn__content">
              <!---->
              <div class="v-list__tile__title">Slovenčina</div>
            </div>
          </button></div>
      </div>
      <div role="listitem" class="currentColor--text">
        <div class="v-list__tile v-list__tile--avatar theme--light"><button type="button" class="ma-0 text-none trigger-btn v-btn v-btn--flat theme--light currentColor--text">
            <div class="v-btn__content">
              <!---->
              <div class="v-list__tile__title">Slovenščina</div>
            </div>
          </button></div>
      </div>
      <div role="listitem" class="currentColor--text">
        <div class="v-list__tile v-list__tile--avatar theme--light"><button type="button" class="ma-0 text-none trigger-btn v-btn v-btn--flat theme--light currentColor--text">
            <div class="v-btn__content">
              <!---->
              <div class="v-list__tile__title">Gagana Samoa</div>
            </div>
          </button></div>
      </div>
      <div role="listitem" class="currentColor--text">
        <div class="v-list__tile v-list__tile--avatar theme--light"><button type="button" class="ma-0 text-none trigger-btn v-btn v-btn--flat theme--light currentColor--text">
            <div class="v-btn__content">
              <!---->
              <div class="v-list__tile__title">chiShona</div>
            </div>
          </button></div>
      </div>
      <div role="listitem" class="currentColor--text">
        <div class="v-list__tile v-list__tile--avatar theme--light"><button type="button" class="ma-0 text-none trigger-btn v-btn v-btn--flat theme--light currentColor--text">
            <div class="v-btn__content">
              <!---->
              <div class="v-list__tile__title">Soomaaliga</div>
            </div>
          </button></div>
      </div>
      <div role="listitem" class="currentColor--text">
        <div class="v-list__tile v-list__tile--avatar theme--light"><button type="button" class="ma-0 text-none trigger-btn v-btn v-btn--flat theme--light currentColor--text">
            <div class="v-btn__content">
              <!---->
              <div class="v-list__tile__title">Shqip</div>
            </div>
          </button></div>
      </div>
      <div role="listitem" class="currentColor--text">
        <div class="v-list__tile v-list__tile--avatar theme--light"><button type="button" class="ma-0 text-none trigger-btn v-btn v-btn--flat theme--light currentColor--text">
            <div class="v-btn__content">
              <!---->
              <div class="v-list__tile__title">Српски</div>
            </div>
          </button></div>
      </div>
      <div role="listitem" class="currentColor--text">
        <div class="v-list__tile v-list__tile--avatar theme--light"><button type="button" class="ma-0 text-none trigger-btn v-btn v-btn--flat theme--light currentColor--text">
            <div class="v-btn__content">
              <!---->
              <div class="v-list__tile__title">SiSwati</div>
            </div>
          </button></div>
      </div>
      <div role="listitem" class="currentColor--text">
        <div class="v-list__tile v-list__tile--avatar theme--light"><button type="button" class="ma-0 text-none trigger-btn v-btn v-btn--flat theme--light currentColor--text">
            <div class="v-btn__content">
              <!---->
              <div class="v-list__tile__title">Sesotho</div>
            </div>
          </button></div>
      </div>
      <div role="listitem" class="currentColor--text">
        <div class="v-list__tile v-list__tile--avatar theme--light"><button type="button" class="ma-0 text-none trigger-btn v-btn v-btn--flat theme--light currentColor--text">
            <div class="v-btn__content">
              <!---->
              <div class="v-list__tile__title">Basa Sunda</div>
            </div>
          </button></div>
      </div>
      <div role="listitem" class="currentColor--text">
        <div class="v-list__tile v-list__tile--avatar theme--light"><button type="button" class="ma-0 text-none trigger-btn v-btn v-btn--flat theme--light currentColor--text">
            <div class="v-btn__content">
              <!---->
              <div class="v-list__tile__title">Svenska</div>
            </div>
          </button></div>
      </div>
      <div role="listitem" class="currentColor--text">
        <div class="v-list__tile v-list__tile--avatar theme--light"><button type="button" class="ma-0 text-none trigger-btn v-btn v-btn--flat theme--light currentColor--text">
            <div class="v-btn__content">
              <!---->
              <div class="v-list__tile__title">Kiswahili</div>
            </div>
          </button></div>
      </div>
      <div role="listitem" class="currentColor--text">
        <div class="v-list__tile v-list__tile--avatar theme--light"><button type="button" class="ma-0 text-none trigger-btn v-btn v-btn--flat theme--light currentColor--text">
            <div class="v-btn__content">
              <!---->
              <div class="v-list__tile__title">தமிழ்</div>
            </div>
          </button></div>
      </div>
      <div role="listitem" class="currentColor--text">
        <div class="v-list__tile v-list__tile--avatar theme--light"><button type="button" class="ma-0 text-none trigger-btn v-btn v-btn--flat theme--light currentColor--text">
            <div class="v-btn__content">
              <!---->
              <div class="v-list__tile__title">తెలుగు</div>
            </div>
          </button></div>
      </div>
      <div role="listitem" class="currentColor--text">
        <div class="v-list__tile v-list__tile--avatar theme--light"><button type="button" class="ma-0 text-none trigger-btn v-btn v-btn--flat theme--light currentColor--text">
            <div class="v-btn__content">
              <!---->
              <div class="v-list__tile__title">Тоҷикӣ</div>
            </div>
          </button></div>
      </div>
      <div role="listitem" class="currentColor--text">
        <div class="v-list__tile v-list__tile--avatar theme--light"><button type="button" class="ma-0 text-none trigger-btn v-btn v-btn--flat theme--light currentColor--text">
            <div class="v-btn__content">
              <!---->
              <div class="v-list__tile__title">ไทย / Phasa Thai</div>
            </div>
          </button></div>
      </div>
      <div role="listitem" class="currentColor--text">
        <div class="v-list__tile v-list__tile--avatar theme--light"><button type="button" class="ma-0 text-none trigger-btn v-btn v-btn--flat theme--light currentColor--text">
            <div class="v-btn__content">
              <!---->
              <div class="v-list__tile__title">ትግርኛ</div>
            </div>
          </button></div>
      </div>
      <div role="listitem" class="currentColor--text">
        <div class="v-list__tile v-list__tile--avatar theme--light"><button type="button" class="ma-0 text-none trigger-btn v-btn v-btn--flat theme--light currentColor--text">
            <div class="v-btn__content">
              <!---->
              <div class="v-list__tile__title">Туркмен / تركمن</div>
            </div>
          </button></div>
      </div>
      <div role="listitem" class="currentColor--text">
        <div class="v-list__tile v-list__tile--avatar theme--light"><button type="button" class="ma-0 text-none trigger-btn v-btn v-btn--flat theme--light currentColor--text">
            <div class="v-btn__content">
              <!---->
              <div class="v-list__tile__title">Tagalog</div>
            </div>
          </button></div>
      </div>
      <div role="listitem" class="currentColor--text">
        <div class="v-list__tile v-list__tile--avatar theme--light"><button type="button" class="ma-0 text-none trigger-btn v-btn v-btn--flat theme--light currentColor--text">
            <div class="v-btn__content">
              <!---->
              <div class="v-list__tile__title">Setswana</div>
            </div>
          </button></div>
      </div>
      <div role="listitem" class="currentColor--text">
        <div class="v-list__tile v-list__tile--avatar theme--light"><button type="button" class="ma-0 text-none trigger-btn v-btn v-btn--flat theme--light currentColor--text">
            <div class="v-btn__content">
              <!---->
              <div class="v-list__tile__title">Lea Faka-Tonga</div>
            </div>
          </button></div>
      </div>
      <div role="listitem" class="currentColor--text">
        <div class="v-list__tile v-list__tile--avatar theme--light"><button type="button" class="ma-0 text-none trigger-btn v-btn v-btn--flat theme--light currentColor--text">
            <div class="v-btn__content">
              <!---->
              <div class="v-list__tile__title">Türkçe</div>
            </div>
          </button></div>
      </div>
      <div role="listitem" class="currentColor--text">
        <div class="v-list__tile v-list__tile--avatar theme--light"><button type="button" class="ma-0 text-none trigger-btn v-btn v-btn--flat theme--light currentColor--text">
            <div class="v-btn__content">
              <!---->
              <div class="v-list__tile__title">Xitsonga</div>
            </div>
          </button></div>
      </div>
      <div role="listitem" class="currentColor--text">
        <div class="v-list__tile v-list__tile--avatar theme--light"><button type="button" class="ma-0 text-none trigger-btn v-btn v-btn--flat theme--light currentColor--text">
            <div class="v-btn__content">
              <!---->
              <div class="v-list__tile__title">Tatarça</div>
            </div>
          </button></div>
      </div>
      <div role="listitem" class="currentColor--text">
        <div class="v-list__tile v-list__tile--avatar theme--light"><button type="button" class="ma-0 text-none trigger-btn v-btn v-btn--flat theme--light currentColor--text">
            <div class="v-btn__content">
              <!---->
              <div class="v-list__tile__title">Twi</div>
            </div>
          </button></div>
      </div>
      <div role="listitem" class="currentColor--text">
        <div class="v-list__tile v-list__tile--avatar theme--light"><button type="button" class="ma-0 text-none trigger-btn v-btn v-btn--flat theme--light currentColor--text">
            <div class="v-btn__content">
              <!---->
              <div class="v-list__tile__title">Reo Mā\`ohi</div>
            </div>
          </button></div>
      </div>
      <div role="listitem" class="currentColor--text">
        <div class="v-list__tile v-list__tile--avatar theme--light"><button type="button" class="ma-0 text-none trigger-btn v-btn v-btn--flat theme--light currentColor--text">
            <div class="v-btn__content">
              <!---->
              <div class="v-list__tile__title">Uyƣurqə / ئۇيغۇرچە</div>
            </div>
          </button></div>
      </div>
      <div role="listitem" class="currentColor--text">
        <div class="v-list__tile v-list__tile--avatar theme--light"><button type="button" class="ma-0 text-none trigger-btn v-btn v-btn--flat theme--light currentColor--text">
            <div class="v-btn__content">
              <!---->
              <div class="v-list__tile__title">Українська</div>
            </div>
          </button></div>
      </div>
      <div role="listitem" class="currentColor--text">
        <div class="v-list__tile v-list__tile--avatar theme--light"><button type="button" class="ma-0 text-none trigger-btn v-btn v-btn--flat theme--light currentColor--text">
            <div class="v-btn__content">
              <!---->
              <div class="v-list__tile__title">اردو</div>
            </div>
          </button></div>
      </div>
      <div role="listitem" class="currentColor--text">
        <div class="v-list__tile v-list__tile--avatar theme--light"><button type="button" class="ma-0 text-none trigger-btn v-btn v-btn--flat theme--light currentColor--text">
            <div class="v-btn__content">
              <!---->
              <div class="v-list__tile__title">Ўзбек</div>
            </div>
          </button></div>
      </div>
      <div role="listitem" class="currentColor--text">
        <div class="v-list__tile v-list__tile--avatar theme--light"><button type="button" class="ma-0 text-none trigger-btn v-btn v-btn--flat theme--light currentColor--text">
            <div class="v-btn__content">
              <!---->
              <div class="v-list__tile__title">Tshivenḓa</div>
            </div>
          </button></div>
      </div>
      <div role="listitem" class="currentColor--text">
        <div class="v-list__tile v-list__tile--avatar theme--light"><button type="button" class="ma-0 text-none trigger-btn v-btn v-btn--flat theme--light currentColor--text">
            <div class="v-btn__content">
              <!---->
              <div class="v-list__tile__title">Tiếng Việt</div>
            </div>
          </button></div>
      </div>
      <div role="listitem" class="currentColor--text">
        <div class="v-list__tile v-list__tile--avatar theme--light"><button type="button" class="ma-0 text-none trigger-btn v-btn v-btn--flat theme--light currentColor--text">
            <div class="v-btn__content">
              <!---->
              <div class="v-list__tile__title">Volapük</div>
            </div>
          </button></div>
      </div>
      <div role="listitem" class="currentColor--text">
        <div class="v-list__tile v-list__tile--avatar theme--light"><button type="button" class="ma-0 text-none trigger-btn v-btn v-btn--flat theme--light currentColor--text">
            <div class="v-btn__content">
              <!---->
              <div class="v-list__tile__title">Walon</div>
            </div>
          </button></div>
      </div>
      <div role="listitem" class="currentColor--text">
        <div class="v-list__tile v-list__tile--avatar theme--light"><button type="button" class="ma-0 text-none trigger-btn v-btn v-btn--flat theme--light currentColor--text">
            <div class="v-btn__content">
              <!---->
              <div class="v-list__tile__title">Wollof</div>
            </div>
          </button></div>
      </div>
      <div role="listitem" class="currentColor--text">
        <div class="v-list__tile v-list__tile--avatar theme--light"><button type="button" class="ma-0 text-none trigger-btn v-btn v-btn--flat theme--light currentColor--text">
            <div class="v-btn__content">
              <!---->
              <div class="v-list__tile__title">isiXhosa</div>
            </div>
          </button></div>
      </div>
      <div role="listitem" class="currentColor--text">
        <div class="v-list__tile v-list__tile--avatar theme--light"><button type="button" class="ma-0 text-none trigger-btn v-btn v-btn--flat theme--light currentColor--text">
            <div class="v-btn__content">
              <!---->
              <div class="v-list__tile__title">ייִדיש</div>
            </div>
          </button></div>
      </div>
      <div role="listitem" class="currentColor--text">
        <div class="v-list__tile v-list__tile--avatar theme--light"><button type="button" class="ma-0 text-none trigger-btn v-btn v-btn--flat theme--light currentColor--text">
            <div class="v-btn__content">
              <!---->
              <div class="v-list__tile__title">Yorùbá</div>
            </div>
          </button></div>
      </div>
      <div role="listitem" class="currentColor--text">
        <div class="v-list__tile v-list__tile--avatar theme--light"><button type="button" class="ma-0 text-none trigger-btn v-btn v-btn--flat theme--light currentColor--text">
            <div class="v-btn__content">
              <!---->
              <div class="v-list__tile__title">Cuengh / Tôô / 壮语</div>
            </div>
          </button></div>
      </div>
      <div role="listitem" class="currentColor--text">
        <div class="v-list__tile v-list__tile--avatar theme--light"><button type="button" class="ma-0 text-none trigger-btn v-btn v-btn--flat theme--light currentColor--text">
            <div class="v-btn__content">
              <!---->
              <div class="v-list__tile__title">中文</div>
            </div>
          </button></div>
      </div>
      <div role="listitem" class="currentColor--text">
        <div class="v-list__tile v-list__tile--avatar theme--light"><button type="button" class="ma-0 text-none trigger-btn v-btn v-btn--flat theme--light currentColor--text">
            <div class="v-btn__content">
              <!---->
              <div class="v-list__tile__title">isiZulu</div>
            </div>
          </button></div>
      </div>
    </div>
  </div>
</div>
`;
